    Updating crates.io index
     Locking 260 packages to latest compatible versions
      Adding glam v0.29.3 (available: v0.33.10)
      Adding naga v24.0.0 (available: v30.0.1)
      Adding pollster v0.4.0 (available: v1.0.1)
      Adding wgpu v24.0.5 (available: v30.0.1)
 Downloading crates ...
  Downloaded arrayref v0.3.9
  Downloaded adler2 v2.0.1
  Downloaded as-raw-xcb-connection v1.0.1
  Downloaded strum v0.26.3
  Downloaded ab_glyph_rasterizer v0.1.10
  Downloaded bit-set v0.8.0
  Downloaded downcast-rs v1.2.1
  Downloaded cfg-if v1.0.5
  Downloaded arrayvec v0.7.8
  Downloaded calloop-wayland-source v0.3.0
  Downloaded equivalent v1.0.2
  Downloaded dpi v0.1.2
  Downloaded errno v0.3.14
  Downloaded cfg_aliases v0.2.2
  Downloaded dlib v0.5.3
  Downloaded scoped-tls v1.0.1
  Downloaded byteorder-lite v0.1.0
  Downloaded gpu-descriptor v0.3.2
  Downloaded document-features v0.2.12
  Downloaded gpu-descriptor-types v0.2.0
  Downloaded percent-encoding v2.3.2
  Downloaded tiny-skia-path v0.11.4
  Downloaded pollster v0.4.0
  Downloaded hexf-parse v0.2.1
  Downloaded gethostname v1.1.0
  Downloaded gpu-alloc-types v0.3.1
  Downloaded profiling v1.0.18
  Downloaded wayland-cursor v0.31.14
  Downloaded version_check v0.9.5
  Downloaded xcursor v0.3.11
  Downloaded owned_ttf_parser v0.25.1
  Downloaded renderdoc-sys v1.1.0
  Downloaded unicode-xid v0.2.6
  Downloaded xkbcommon-dl v0.4.2
  Downloaded rustc-hash v1.1.0
  Downloaded strict-num v0.1.1
  Downloaded bytemuck_derive v1.12.1
  Downloaded smol_str v0.2.2
  Downloaded ab_glyph v0.2.32
  Downloaded fastrand v2.5.0
  Downloaded autocfg v1.5.1
  Downloaded fdeflate v0.3.7
  Downloaded wayland-sys v0.31.11
  Downloaded cursor-icon v1.2.0
  Downloaded find-msvc-tools v0.1.14
  Downloaded bit-vec v0.8.0
  Downloaded gpu-alloc v0.6.2
  Downloaded pin-project-lite v0.2.17
  Downloaded scopeguard v1.2.0
  Downloaded ordered-float v4.6.0
  Downloaded foldhash v0.1.5
  Downloaded heck v0.5.0
  Downloaded jobserver v0.1.35
  Downloaded termcolor v1.4.1
  Downloaded thiserror-impl v2.0.21
  Downloaded wayland-csd-frame v0.3.0
  Downloaded libloading v0.8.9
  Downloaded pkg-config v0.3.34
  Downloaded raw-window-handle v0.6.2
  Downloaded thiserror-impl v1.0.69
  Downloaded static_assertions v1.1.0
  Downloaded thiserror v2.0.21
  Downloaded wayland-protocols-wlr v0.3.12
  Downloaded strum_macros v0.26.4
  Downloaded wayland-scanner v0.31.11
  Downloaded lock_api v0.4.14
  Downloaded rustversion v1.0.23
  Downloaded shlex v2.0.1
  Downloaded quote v1.0.47
  Downloaded unicode-ident v1.0.26
  Downloaded tracing-core v0.1.36
  Downloaded thiserror v1.0.69
  Downloaded crc32fast v1.5.2
  Downloaded slab v0.4.12
  Downloaded memmap2 v0.9.11
  Downloaded litrs v1.0.0
  Downloaded parking_lot v0.12.5
  Downloaded khronos-egl v6.0.0
  Downloaded once_cell v1.21.4
  Downloaded simd-adler32 v0.3.10
  Downloaded parking_lot_core v0.9.12
  Downloaded wayland-backend v0.3.17
  Downloaded wgpu-types v24.0.0
  Downloaded wayland-client v0.31.15
  Downloaded wayland-protocols-plasma v0.3.12
  Downloaded ahash v0.8.12
  Downloaded spirv v0.3.0+sdk-1.3.268.0
  Downloaded x11-dl v2.21.0
  Downloaded bitflags v2.13.2
  Downloaded codespan-reporting v0.11.1
  Downloaded proc-macro2 v1.0.107
  Downloaded serde_core v1.0.229
  Downloaded smallvec v1.16.2
  Downloaded getrandom v0.3.4
  Downloaded polling v3.11.0
  Downloaded sctk-adwaita v0.10.1
  Downloaded xkeysym v0.2.1
  Downloaded log v0.4.34
  Downloaded bytemuck v1.25.2
  Downloaded num-traits v0.2.19
  Downloaded calloop v0.13.0
  Downloaded miniz_oxide v0.8.9
  Downloaded miniz_oxide v0.9.1
  Downloaded flate2 v1.1.10
  Downloaded serde v1.0.229
  Downloaded tiny-skia v0.11.4
  Downloaded wayland-protocols v0.32.13
  Downloaded memchr v2.8.3
  Downloaded cc v1.5.1
  Downloaded indexmap v2.14.2
  Downloaded wgpu v24.0.5
  Downloaded smithay-client-toolkit v0.19.2
  Downloaded png v0.18.1
  Downloaded ttf-parser v0.25.1
  Downloaded x11rb v0.13.2
  Downloaded hashbrown v0.15.5
  Downloaded zlib-rs v0.6.8
  Downloaded glow v0.16.0
  Downloaded hashbrown v0.17.1
  Downloaded wgpu-core v24.0.5
  Downloaded unicode-width v0.1.14
  Downloaded zerocopy v0.8.59
  Downloaded syn v2.0.119
  Downloaded moxcms v0.8.1
  Downloaded syn v3.0.6
  Downloaded wgpu-hal v24.0.4
  Downloaded tracing v0.1.44
  Downloaded quick-xml v0.41.0
  Downloaded x11rb-protocol v0.13.2
  Downloaded winit v0.30.13
  Downloaded image v0.25.10
  Downloaded rustix v0.38.44
  Downloaded ash v0.38.0+1.3.281
  Downloaded rustix v1.1.5
  Downloaded glam v0.29.3
  Downloaded naga v24.0.0
  Downloaded libc v0.2.189
  Downloaded pxfm v0.1.30
  Downloaded linux-raw-sys v0.4.15
  Downloaded linux-raw-sys v0.12.1
   Compiling serde_core v1.0.229
    Checking cfg-if v1.0.5
   Compiling proc-macro2 v1.0.107
   Compiling unicode-ident v1.0.26
   Compiling quote v1.0.47
    Checking libloading v0.8.9
    Checking log v0.4.34
    Checking once_cell v1.21.4
   Compiling rustix v1.1.5
   Compiling pkg-config v0.3.34
    Checking bitflags v2.13.2
